mojotrees gpu-vs-cpu bench: 100000 rows x 100 features, reg seed 0
binning_s: 0.042538
arms: cpu,gpu
repeats: 3
run 1 cpu train_s: 3.689618
run 1 gpu train_s: 4.013289
run 2 cpu train_s: 3.377771
run 2 gpu train_s: 3.886417
run 3 cpu train_s: 3.767446
run 3 gpu train_s: 3.903503
cpu_train_s: 3.377771
cpu_train_s_median: 3.689618
cpu_train_s_max: 3.767446
cpu_spread_pct: 11.5
cpu_n_trees: 100
cpu_train_loss: 0.003615204162322106
gpu_train_s: 3.886417
gpu_train_s_median: 3.903503
gpu_train_s_max: 4.013289
gpu_spread_pct: 3.3
gpu_n_trees: 100
gpu_train_loss: 0.003604446127254245
gpu_speedup_x: 0.8691221245687224
gpu_vs_cpu: resolved delta_pct 15.1 noise_floor_pct 11.5
