mojotrees gpu-vs-cpu bench: 100000 rows x 20 features, reg seed 0
binning_s: 0.005078
arms: cpu,gpu
repeats: 3
run 1 cpu train_s: 0.993027
run 1 gpu train_s: 1.346768
run 2 cpu train_s: 1.211137
run 2 gpu train_s: 1.707923
run 3 cpu train_s: 1.286762
run 3 gpu train_s: 1.725295
cpu_train_s: 0.993027
cpu_train_s_median: 1.211137
cpu_train_s_max: 1.286762
cpu_spread_pct: 29.6
cpu_n_trees: 100
cpu_train_loss: 0.003806038648054926
gpu_train_s: 1.346768
gpu_train_s_median: 1.707923
gpu_train_s_max: 1.725295
gpu_spread_pct: 28.1
gpu_n_trees: 100
gpu_train_loss: 0.003788412257172197
gpu_speedup_x: 0.7373408040583085
gpu_vs_cpu: resolved delta_pct 35.6 noise_floor_pct 29.6
