mojotrees gpu-vs-cpu bench: 500000 rows x 20 features, reg seed 0
binning_s: 0.023268
arms: cpu,gpu
repeats: 5
run 1 cpu train_s: 4.821597
run 1 gpu train_s: 2.722218
run 2 cpu train_s: 4.678546
run 2 gpu train_s: 1.797615
run 3 cpu train_s: 4.504405
run 3 gpu train_s: 1.886616
run 4 cpu train_s: 5.408859
run 4 gpu train_s: 2.271575
run 5 cpu train_s: 7.462453
run 5 gpu train_s: 2.891849
cpu_train_s: 4.504405
cpu_train_s_median: 4.821597
cpu_train_s_max: 7.462453
cpu_spread_pct: 65.7
cpu_n_trees: 100
cpu_train_loss: 0.00357288506838464
gpu_train_s: 1.797615
gpu_train_s_median: 2.271575
gpu_train_s_max: 2.891849
gpu_spread_pct: 60.9
gpu_n_trees: 100
gpu_train_loss: 0.003617098466180092
gpu_speedup_x: 2.505767363979495
gpu_vs_cpu: indistinguishable delta_pct -60.1 noise_floor_pct 65.7
