mojotrees gpu-vs-cpu bench: 50000 rows x 50 features, reg seed 0
binning_s: 0.052792
arms: cpu,gpu
repeats: 3
run 1 cpu train_s: 1.42952
run 1 gpu train_s: 2.442712
run 2 cpu train_s: 1.389505
run 2 gpu train_s: 2.233826
run 3 cpu train_s: 1.137111
run 3 gpu train_s: 2.578732
cpu_train_s: 1.137111
cpu_train_s_median: 1.389505
cpu_train_s_max: 1.42952
cpu_spread_pct: 25.7
cpu_n_trees: 100
cpu_train_loss: 0.0038876942963873263
gpu_train_s: 2.233826
gpu_train_s_median: 2.442712
gpu_train_s_max: 2.578732
gpu_spread_pct: 15.4
gpu_n_trees: 100
gpu_train_loss: 0.003925862296101306
gpu_speedup_x: 0.5090418859839575
gpu_vs_cpu: resolved delta_pct 96.4 noise_floor_pct 25.7
