mojotrees gpu-vs-cpu bench: 50000 rows x 100 features, reg seed 0
binning_s: 0.079915
arms: cpu,gpu
repeats: 3
run 1 cpu train_s: 2.467381
run 1 gpu train_s: 3.274274
run 2 cpu train_s: 2.315649
run 2 gpu train_s: 2.916662
run 3 cpu train_s: 1.897546
run 3 gpu train_s: 3.121759
cpu_train_s: 1.897546
cpu_train_s_median: 2.315649
cpu_train_s_max: 2.467381
cpu_spread_pct: 30.0
cpu_n_trees: 100
cpu_train_loss: 0.003782110063742806
gpu_train_s: 2.916662
gpu_train_s_median: 3.121759
gpu_train_s_max: 3.274274
gpu_spread_pct: 12.3
gpu_n_trees: 100
gpu_train_loss: 0.0037932685883478065
gpu_speedup_x: 0.6505882409411855
gpu_vs_cpu: resolved delta_pct 53.7 noise_floor_pct 30.0
