mojotrees gpu-vs-cpu bench: 200000 rows x 50 features, reg seed 0
subsample: 1.0
binning_s: 0.039573
arms: cpu,gpu
repeats: 5
run 1 cpu train_s: 2.966119
run 1 gpu train_s: 2.774943
run 2 cpu train_s: 3.107906
run 2 gpu train_s: 2.369379
run 3 cpu train_s: 3.061086
run 3 gpu train_s: 2.467686
run 4 cpu train_s: 3.38932
run 4 gpu train_s: 2.492669
run 5 cpu train_s: 3.255085
run 5 gpu train_s: 2.466013
cpu_train_s: 2.966119
cpu_train_s_median: 3.107906
cpu_train_s_max: 3.38932
cpu_spread_pct: 14.3
cpu_n_trees: 100
cpu_train_loss: 0.0036051894652908293
gpu_train_s: 2.369379
gpu_train_s_median: 2.467686
gpu_train_s_max: 2.774943
gpu_spread_pct: 17.1
gpu_n_trees: 100
gpu_train_loss: 0.003604529605227445
gpu_speedup_x: 1.2518550219276865
gpu_vs_cpu: resolved delta_pct -20.1 noise_floor_pct 17.1
