mojotrees gpu-vs-cpu bench: 200000 rows x 50 features, binary seed 0
subsample: 1.0
binning_s: 0.058801
arms: cpu,gpu
repeats: 5
run 1 cpu train_s: 4.20274
run 1 gpu train_s: 2.868565
run 2 cpu train_s: 3.979706
run 2 gpu train_s: 2.744174
run 3 cpu train_s: 4.280862
run 3 gpu train_s: 2.374617
run 4 cpu train_s: 3.792498
run 4 gpu train_s: 2.084867
run 5 cpu train_s: 2.884907
run 5 gpu train_s: 2.071528
cpu_train_s: 2.884907
cpu_train_s_median: 3.979706
cpu_train_s_max: 4.280862
cpu_spread_pct: 48.4
cpu_n_trees: 100
cpu_train_loss: 0.28010495647435496
gpu_train_s: 2.071528
gpu_train_s_median: 2.374617
gpu_train_s_max: 2.868565
gpu_spread_pct: 38.5
gpu_n_trees: 100
gpu_train_loss: 0.2801756443550081
gpu_speedup_x: 1.392646877087831
gpu_vs_cpu: indistinguishable delta_pct -28.2 noise_floor_pct 48.4
