mojotrees gpu-vs-cpu bench: 500000 rows x 50 features, reg seed 0
subsample: 1.0
binning_s: 0.104471
arms: cpu,gpu
repeats: 5
run 1 cpu train_s: 8.385539
run 1 gpu train_s: 2.597908
run 2 cpu train_s: 9.007719
run 2 gpu train_s: 2.660952
run 3 cpu train_s: 10.180538
run 3 gpu train_s: 2.975952
run 4 cpu train_s: 9.550214
run 4 gpu train_s: 2.931003
run 5 cpu train_s: 12.809402
run 5 gpu train_s: 2.746125
cpu_train_s: 8.385539
cpu_train_s_median: 9.550214
cpu_train_s_max: 12.809402
cpu_spread_pct: 52.8
cpu_n_trees: 100
cpu_train_loss: 0.0036145658196285423
gpu_train_s: 2.597908
gpu_train_s_median: 2.746125
gpu_train_s_max: 2.975952
gpu_spread_pct: 14.6
gpu_n_trees: 100
gpu_train_loss: 0.0034759287125208285
gpu_speedup_x: 3.2278044488103506
gpu_vs_cpu: resolved delta_pct -69.0 noise_floor_pct 52.8
