mojotrees gpu-vs-cpu bench: 1000000 rows x 50 features, binary seed 0
subsample: 1.0
binning_s: 0.171271
arms: cpu,gpu
repeats: 3
run 1 cpu train_s: 15.797711
run 1 gpu train_s: 4.282624
run 2 cpu train_s: 15.487124
run 2 gpu train_s: 4.691288
run 3 cpu train_s: 16.217883
run 3 gpu train_s: 4.530433
cpu_train_s: 15.487124
cpu_train_s_median: 15.797711
cpu_train_s_max: 16.217883
cpu_spread_pct: 4.7
cpu_n_trees: 100
cpu_train_loss: 0.2885650158373859
gpu_train_s: 4.282624
gpu_train_s_median: 4.530433
gpu_train_s_max: 4.691288
gpu_spread_pct: 9.5
gpu_n_trees: 100
gpu_train_loss: 0.288544838708095
gpu_speedup_x: 3.61626983830474
gpu_vs_cpu: resolved delta_pct -72.3 noise_floor_pct 9.5
