um.driver: unified_memory
um.executed_before: no
um.payload_mib: 256
um.payload_bytes: 268435456
um.rounds: 8
um.mode: resident
um.contention: 0
um.hold_bytes: 0
um.policy.default_route: copy_staged
um.policy.enable_level: trainer
um.policy.evidence.copy_staged: none
um.policy.evidence.copy_direct: none
um.policy.evidence.map_write: none
um.policy.evidence.host_direct: none
um.policy.evidence.wrapped_host_buffer: none
um.policy.role.bins.host_direct: source_not_device_visible
um.policy.role.grad.host_direct: no_evidence
um.policy.role.hess.host_direct: no_evidence
um.policy.role.hist_out.host_direct: device_written_atomics
um.policy.role.row_seed.host_direct: no_evidence
um.policy.role.valid_bins.host_direct: source_not_device_visible
um.policy.role.predict_out.host_direct: no_evidence
um.policy.role.batch_bins.host_direct: no_evidence
um.marker.begin_ns: 434117080499000
um.accelerator: present
um.device.multiprocessors: 10
um.device.max_threads_per_block: 1024
um.copy_staged.status: ok
um.copy_staged.comparable: 1
um.copy_staged.input_route: copy_staged
um.copy_staged.out_route: copy
um.copy_staged.mode: resident
um.copy_staged.payload_bytes: 268435456
um.copy_staged.alloc_ns: 190000
um.copy_staged.round0_write_ns: 82751000
um.copy_staged.round0_publish_ns: 687000
um.copy_staged.round0_total_ns: 117965000
um.copy_staged.write_ns: 0
um.copy_staged.publish_ns: 0
um.copy_staged.kernel_ns: 51000
um.copy_staged.sync_ns: 5516000
um.copy_staged.readback_ns: 254166
um.copy_staged.contend_ns: 0
um.copy_staged.round_mean_ns: 5821166
um.copy_staged.round_min_ns: 3591000
um.copy_staged.host_alloc_bytes: 268435461
um.copy_staged.device_alloc_bytes: 268435460
um.copy_staged.allocated_bytes: 536870921
um.copy_staged.copy_bytes_issued_total: 536870912
um.copy_staged.enqueues_copy: 1
um.copy_staged.drains_per_round: 2
um.copy_staged.retouch_round: 4
um.copy_staged.retouch_write_ns: 3000
um.copy_staged.retouch_publish_ns: 9000
um.copy_staged.retouch_total_ns: 9976000
um.copy_staged.retouch_over_steady: 1.7137460089610912
um.copy_staged.checksum: -1152133629
um.copy_staged.expected: -1152133629
um.copy_staged.round0_over_steady: 20.264840411697588
um.copy_staged.steady_ns_per_byte: 0.021685533225536346
um.copy_direct.status: ok
um.copy_direct.comparable: 1
um.copy_direct.input_route: copy_direct
um.copy_direct.out_route: copy
um.copy_direct.mode: resident
um.copy_direct.payload_bytes: 268435456
um.copy_direct.alloc_ns: 89497000
um.copy_direct.round0_write_ns: 69735000
um.copy_direct.round0_publish_ns: 33821000
um.copy_direct.round0_total_ns: 120907000
um.copy_direct.write_ns: 0
um.copy_direct.publish_ns: 0
um.copy_direct.kernel_ns: 37000
um.copy_direct.sync_ns: 4572166
um.copy_direct.readback_ns: 276833
um.copy_direct.contend_ns: 0
um.copy_direct.round_mean_ns: 4886000
um.copy_direct.round_min_ns: 3384000
um.copy_direct.host_alloc_bytes: 268435461
um.copy_direct.device_alloc_bytes: 268435460
um.copy_direct.allocated_bytes: 536870921
um.copy_direct.copy_bytes_issued_total: 536870912
um.copy_direct.enqueues_copy: 1
um.copy_direct.drains_per_round: 2
um.copy_direct.retouch_round: 4
um.copy_direct.retouch_write_ns: 0
um.copy_direct.retouch_publish_ns: 20178000
um.copy_direct.retouch_total_ns: 24289000
um.copy_direct.retouch_over_steady: 4.971142038477282
um.copy_direct.checksum: -1152133629
um.copy_direct.expected: -1152133629
um.copy_direct.round0_over_steady: 24.74559967253377
um.copy_direct.steady_ns_per_byte: 0.018201768398284912
um.map_write.status: ok
um.map_write.comparable: 1
um.map_write.input_route: map_write
um.map_write.out_route: copy
um.map_write.mode: resident
um.map_write.payload_bytes: 268435456
um.map_write.alloc_ns: 56000
um.map_write.round0_write_ns: 105622000
um.map_write.round0_publish_ns: 8101000
um.map_write.round0_total_ns: 125394000
um.map_write.write_ns: 0
um.map_write.publish_ns: 0
um.map_write.kernel_ns: 32000
um.map_write.sync_ns: 3280666
um.map_write.readback_ns: 325500
um.map_write.contend_ns: 0
um.map_write.round_mean_ns: 3638166
um.map_write.round_min_ns: 3295000
um.map_write.host_alloc_bytes: 4
um.map_write.device_alloc_bytes: 268435460
um.map_write.allocated_bytes: 268435464
um.map_write.copy_bytes_issued_total: 0
um.map_write.enqueues_copy: 0
um.map_write.drains_per_round: 2
um.map_write.retouch_round: 4
um.map_write.retouch_write_ns: 14496000
um.map_write.retouch_publish_ns: 6071000
um.map_write.retouch_total_ns: 24059000
um.map_write.retouch_over_steady: 6.612947292674386
um.map_write.checksum: -1152133629
um.map_write.expected: -1152133629
um.map_write.round0_over_steady: 34.466266794863124
um.map_write.steady_ns_per_byte: 0.013553224503993988
um.host_direct.status: wrong
um.host_direct.detail: kernel took a host-buffer pointer but read the wrong bytes
um.host_direct.comparable: 0
um.host_direct.input_route: host_direct
um.host_direct.out_route: copy
um.host_direct.mode: resident
um.host_direct.payload_bytes: 268435456
um.host_direct.alloc_ns: 57000
um.host_direct.round0_write_ns: 84915000
um.host_direct.round0_publish_ns: 0
um.host_direct.round0_total_ns: 99914000
um.host_direct.write_ns: 0
um.host_direct.publish_ns: 0
um.host_direct.kernel_ns: 0
um.host_direct.sync_ns: 0
um.host_direct.readback_ns: 0
um.host_direct.contend_ns: 0
um.host_direct.round_mean_ns: 0
um.host_direct.round_min_ns: 0
um.host_direct.host_alloc_bytes: 268435460
um.host_direct.device_alloc_bytes: 4
um.host_direct.allocated_bytes: 268435464
um.host_direct.copy_bytes_issued_total: 0
um.host_direct.enqueues_copy: 0
um.host_direct.drains_per_round: 2
um.host_direct.retouch_round: 4
um.host_direct.retouch_write_ns: 0
um.host_direct.retouch_publish_ns: 0
um.host_direct.retouch_total_ns: 0
um.host_direct.checksum: 0
um.host_direct.expected: -1152133794
um.out_host_direct.status: wrong
um.out_host_direct.detail: device checksum disagreed with the host reference
um.out_host_direct.comparable: 0
um.out_host_direct.input_route: copy_staged
um.out_host_direct.out_route: host_direct
um.out_host_direct.mode: resident
um.out_host_direct.payload_bytes: 268435456
um.out_host_direct.alloc_ns: 127000
um.out_host_direct.round0_write_ns: 82808000
um.out_host_direct.round0_publish_ns: 31000
um.out_host_direct.round0_total_ns: 107183000
um.out_host_direct.write_ns: 0
um.out_host_direct.publish_ns: 0
um.out_host_direct.kernel_ns: 0
um.out_host_direct.sync_ns: 0
um.out_host_direct.readback_ns: 0
um.out_host_direct.contend_ns: 0
um.out_host_direct.round_mean_ns: 0
um.out_host_direct.round_min_ns: 0
um.out_host_direct.host_alloc_bytes: 268435461
um.out_host_direct.device_alloc_bytes: 268435460
um.out_host_direct.allocated_bytes: 536870921
um.out_host_direct.copy_bytes_issued_total: 268435456
um.out_host_direct.enqueues_copy: 1
um.out_host_direct.drains_per_round: 1
um.out_host_direct.retouch_round: 4
um.out_host_direct.retouch_write_ns: 0
um.out_host_direct.retouch_publish_ns: 0
um.out_host_direct.retouch_total_ns: 0
um.out_host_direct.checksum: 0
um.out_host_direct.expected: -1152133794
um.wrapped_host_buffer.status: not_probed
um.wrapped_host_buffer.detail: non-owning DeviceBuffer over a host allocation is not compiled in this driver; see docs/APPLE_UNIFIED_MEMORY.md Route 5
um.out_wrapped_host_buffer.status: not_probed
um.out_wrapped_host_buffer.detail: kernel accumulating into a non-owning DeviceBuffer over a host allocation is not compiled in this driver
um.ladder.enabled: 0
um.marker.end_ns: 434118246169000
