um.driver: unified_memory
um.executed_before: no
um.payload_mib: 256
um.payload_bytes: 268435456
um.rounds: 8
um.mode: rewrite
um.contention: 0
um.hold_bytes: 0
um.policy.default_route: copy_staged
um.policy.enable_level: trainer
um.policy.evidence.copy_staged: none
um.policy.evidence.copy_direct: none
um.policy.evidence.map_write: none
um.policy.evidence.host_direct: none
um.policy.evidence.wrapped_host_buffer: none
um.policy.role.bins.host_direct: source_not_device_visible
um.policy.role.grad.host_direct: no_evidence
um.policy.role.hess.host_direct: no_evidence
um.policy.role.hist_out.host_direct: device_written_atomics
um.policy.role.row_seed.host_direct: no_evidence
um.policy.role.valid_bins.host_direct: source_not_device_visible
um.policy.role.predict_out.host_direct: no_evidence
um.policy.role.batch_bins.host_direct: no_evidence
um.marker.begin_ns: 434109228874000
um.accelerator: present
um.device.multiprocessors: 10
um.device.max_threads_per_block: 1024
um.copy_staged.status: ok
um.copy_staged.comparable: 1
um.copy_staged.input_route: copy_staged
um.copy_staged.out_route: copy
um.copy_staged.mode: rewrite
um.copy_staged.payload_bytes: 268435456
um.copy_staged.alloc_ns: 136000
um.copy_staged.round0_write_ns: 83071000
um.copy_staged.round0_publish_ns: 677000
um.copy_staged.round0_total_ns: 114790000
um.copy_staged.write_ns: 64416000
um.copy_staged.publish_ns: 21571
um.copy_staged.kernel_ns: 7097285
um.copy_staged.sync_ns: 4828000
um.copy_staged.readback_ns: 379571
um.copy_staged.contend_ns: 0
um.copy_staged.round_mean_ns: 76742428
um.copy_staged.round_min_ns: 75239000
um.copy_staged.host_alloc_bytes: 268435461
um.copy_staged.device_alloc_bytes: 268435460
um.copy_staged.allocated_bytes: 536870921
um.copy_staged.copy_bytes_issued_total: 2147483648
um.copy_staged.enqueues_copy: 1
um.copy_staged.drains_per_round: 2
um.copy_staged.checksum: -1152133787
um.copy_staged.expected: -1152133787
um.copy_staged.round0_over_steady: 1.4957827500584162
um.copy_staged.steady_ns_per_byte: 0.28588782250881195
um.copy_direct.status: ok
um.copy_direct.comparable: 1
um.copy_direct.input_route: copy_direct
um.copy_direct.out_route: copy
um.copy_direct.mode: rewrite
um.copy_direct.payload_bytes: 268435456
um.copy_direct.alloc_ns: 76012000
um.copy_direct.round0_write_ns: 68926000
um.copy_direct.round0_publish_ns: 22954000
um.copy_direct.round0_total_ns: 112111000
um.copy_direct.write_ns: 68502857
um.copy_direct.publish_ns: 6995857
um.copy_direct.kernel_ns: 83142
um.copy_direct.sync_ns: 6304000
um.copy_direct.readback_ns: 459714
um.copy_direct.contend_ns: 0
um.copy_direct.round_mean_ns: 82345571
um.copy_direct.round_min_ns: 76786000
um.copy_direct.host_alloc_bytes: 268435461
um.copy_direct.device_alloc_bytes: 268435460
um.copy_direct.allocated_bytes: 536870921
um.copy_direct.copy_bytes_issued_total: 2147483648
um.copy_direct.enqueues_copy: 1
um.copy_direct.drains_per_round: 2
um.copy_direct.checksum: -1152133787
um.copy_direct.expected: -1152133787
um.copy_direct.round0_over_steady: 1.3614697018738264
um.copy_direct.steady_ns_per_byte: 0.30676115676760674
um.map_write.status: ok
um.map_write.comparable: 1
um.map_write.input_route: map_write
um.map_write.out_route: copy
um.map_write.mode: rewrite
um.map_write.payload_bytes: 268435456
um.map_write.alloc_ns: 61000
um.map_write.round0_write_ns: 100121000
um.map_write.round0_publish_ns: 7154000
um.map_write.round0_total_ns: 118874000
um.map_write.write_ns: 90465142
um.map_write.publish_ns: 6722142
um.map_write.kernel_ns: 63428
um.map_write.sync_ns: 5466000
um.map_write.readback_ns: 402857
um.map_write.contend_ns: 0
um.map_write.round_mean_ns: 103119571
um.map_write.round_min_ns: 95213000
um.map_write.host_alloc_bytes: 4
um.map_write.device_alloc_bytes: 268435460
um.map_write.allocated_bytes: 268435464
um.map_write.copy_bytes_issued_total: 0
um.map_write.enqueues_copy: 0
um.map_write.drains_per_round: 2
um.map_write.checksum: -1152133787
um.map_write.expected: -1152133787
um.map_write.round0_over_steady: 1.1527782635945993
um.map_write.steady_ns_per_byte: 0.38415033742785454
um.host_direct.status: wrong
um.host_direct.detail: kernel took a host-buffer pointer but read the wrong bytes
um.host_direct.comparable: 0
um.host_direct.input_route: host_direct
um.host_direct.out_route: copy
um.host_direct.mode: rewrite
um.host_direct.payload_bytes: 268435456
um.host_direct.alloc_ns: 82000
um.host_direct.round0_write_ns: 83513000
um.host_direct.round0_publish_ns: 0
um.host_direct.round0_total_ns: 99225000
um.host_direct.write_ns: 0
um.host_direct.publish_ns: 0
um.host_direct.kernel_ns: 0
um.host_direct.sync_ns: 0
um.host_direct.readback_ns: 0
um.host_direct.contend_ns: 0
um.host_direct.round_mean_ns: 0
um.host_direct.round_min_ns: 0
um.host_direct.host_alloc_bytes: 268435460
um.host_direct.device_alloc_bytes: 4
um.host_direct.allocated_bytes: 268435464
um.host_direct.copy_bytes_issued_total: 0
um.host_direct.enqueues_copy: 0
um.host_direct.drains_per_round: 2
um.host_direct.checksum: 0
um.host_direct.expected: -1152133794
um.out_host_direct.status: wrong
um.out_host_direct.detail: device checksum disagreed with the host reference
um.out_host_direct.comparable: 0
um.out_host_direct.input_route: copy_staged
um.out_host_direct.out_route: host_direct
um.out_host_direct.mode: rewrite
um.out_host_direct.payload_bytes: 268435456
um.out_host_direct.alloc_ns: 170000
um.out_host_direct.round0_write_ns: 83117000
um.out_host_direct.round0_publish_ns: 34000
um.out_host_direct.round0_total_ns: 108140000
um.out_host_direct.write_ns: 0
um.out_host_direct.publish_ns: 0
um.out_host_direct.kernel_ns: 0
um.out_host_direct.sync_ns: 0
um.out_host_direct.readback_ns: 0
um.out_host_direct.contend_ns: 0
um.out_host_direct.round_mean_ns: 0
um.out_host_direct.round_min_ns: 0
um.out_host_direct.host_alloc_bytes: 268435461
um.out_host_direct.device_alloc_bytes: 268435460
um.out_host_direct.allocated_bytes: 536870921
um.out_host_direct.copy_bytes_issued_total: 268435456
um.out_host_direct.enqueues_copy: 1
um.out_host_direct.drains_per_round: 1
um.out_host_direct.checksum: 0
um.out_host_direct.expected: -1152133794
um.wrapped_host_buffer.status: not_probed
um.wrapped_host_buffer.detail: non-owning DeviceBuffer over a host allocation is not compiled in this driver; see docs/APPLE_UNIFIED_MEMORY.md Route 5
um.out_wrapped_host_buffer.status: not_probed
um.out_wrapped_host_buffer.detail: kernel accumulating into a non-owning DeviceBuffer over a host allocation is not compiled in this driver
um.ladder.enabled: 0
um.marker.end_ns: 434112049317000
